[2026-02-26 12:35:00,864: INFO: main: >>>>>> stage Data Ingestion stage started <<<<<<]
[2026-02-26 12:35:00,864: INFO: common: yaml file: config\config.yaml loaded successfully]
[2026-02-26 12:35:00,864: INFO: common: yaml file: params.yaml loaded successfully]
[2026-02-26 12:35:00,864: ERROR: main: yaml file is empty]
Traceback (most recent call last):
  File "C:\Users\MadMax\Downloads\kidney-disease-classification-MLFlow-DVC\src\cnnClassifier\utils\common.py", line 34, in read_yaml
    return ConfigBox(content)
  File "box\box.py", line 259, in box.box.Box.__init__
box.exceptions.BoxValueError: First argument must be mapping or iterable

During handling of the above exception, another exception occurred:

Traceback (most recent call last):
  File "C:\Users\MadMax\Downloads\kidney-disease-classification-MLFlow-DVC\main.py", line 11, in <module>
    data_ingestion.main()
  File "C:\Users\MadMax\Downloads\kidney-disease-classification-MLFlow-DVC\src\cnnClassifier\pipeline\stage_01_data_ingestion.py", line 13, in main
    config = ConfigurationManager()
  File "C:\Users\MadMax\Downloads\kidney-disease-classification-MLFlow-DVC\src\cnnClassifier\config\configuration.py", line 14, in __init__
    self.params = read_yaml(params_filepath)
  File "C:\Users\MadMax\anaconda3\envs\kidney\lib\site-packages\ensure\main.py", line 849, in __call__
    return_val = self.f(*args, **kwargs)
  File "C:\Users\MadMax\Downloads\kidney-disease-classification-MLFlow-DVC\src\cnnClassifier\utils\common.py", line 36, in read_yaml
    raise ValueError("yaml file is empty")
ValueError: yaml file is empty
[2026-02-26 14:36:37,130: INFO: main: >>>>>> stage Data Ingestion stage started <<<<<<]
[2026-02-26 14:36:37,130: INFO: common: yaml file: config\config.yaml loaded successfully]
[2026-02-26 14:36:37,130: INFO: common: yaml file: params.yaml loaded successfully]
[2026-02-26 14:36:37,130: ERROR: main: yaml file is empty]
Traceback (most recent call last):
  File "C:\Users\MadMax\Downloads\kidney-disease-classification-MLFlow-DVC\src\cnnClassifier\utils\common.py", line 34, in read_yaml
    return ConfigBox(content)
  File "box\box.py", line 259, in box.box.Box.__init__
box.exceptions.BoxValueError: First argument must be mapping or iterable

During handling of the above exception, another exception occurred:

Traceback (most recent call last):
  File "C:\Users\MadMax\Downloads\kidney-disease-classification-MLFlow-DVC\main.py", line 11, in <module>
    data_ingestion.main()
  File "C:\Users\MadMax\Downloads\kidney-disease-classification-MLFlow-DVC\src\cnnClassifier\pipeline\stage_01_data_ingestion.py", line 13, in main
    config = ConfigurationManager()
  File "C:\Users\MadMax\Downloads\kidney-disease-classification-MLFlow-DVC\src\cnnClassifier\config\configuration.py", line 14, in __init__
    self.params = read_yaml(params_filepath)
  File "C:\Users\MadMax\anaconda3\envs\kidney\lib\site-packages\ensure\main.py", line 849, in __call__
    return_val = self.f(*args, **kwargs)
  File "C:\Users\MadMax\Downloads\kidney-disease-classification-MLFlow-DVC\src\cnnClassifier\utils\common.py", line 36, in read_yaml
    raise ValueError("yaml file is empty")
ValueError: yaml file is empty
[2026-02-26 14:51:37,997: INFO: main: >>>>>> stage Data Ingestion stage started <<<<<<]
[2026-02-26 14:51:38,001: INFO: common: yaml file: config\config.yaml loaded successfully]
[2026-02-26 14:51:38,011: INFO: common: yaml file: params.yaml loaded successfully]
[2026-02-26 14:51:38,013: INFO: common: created directory at: artifacts]
[2026-02-26 14:51:38,013: INFO: common: created directory at: artifacts/data_ingestion]
[2026-02-26 14:51:38,013: INFO: data_ingestion: Downloading data from https://drive.google.com/file/d/1vlhZ5c7abUKF8xXERIw6m9Te8fW7ohw3/view?usp=sharing into file artifacts/data_ingestion/data.zip]
[2026-02-26 14:51:56,987: INFO: data_ingestion: Downloaded data from https://drive.google.com/file/d/1vlhZ5c7abUKF8xXERIw6m9Te8fW7ohw3/view?usp=sharing into file artifacts/data_ingestion/data.zip]
[2026-02-26 14:51:58,046: INFO: main: >>>>>> stage Data Ingestion stage completed <<<<<<

x==========x]
